[debug] > Exec(early(addDefaultCommands), None, None)
[debug] > Exec(addDefaultCommands, None, None)
[debug] > Exec(early(initialize), None, None)
[debug] > Exec(initialize, None, None)
[debug] > Exec(boot, None, None)
[debug] > Exec(writeSbtVersion, None, None)
[info] Updated file C:\Users\mjsaa\OneDrive\Escritorio\Proyectos en Scala\reconocimientoDePatrones\ProyectoPF\project\build.properties: set sbt.version to 1.10.1
[debug] > Exec(reload, None, None)
[debug] > Exec(sbtStashOnFailure, None, None)
[debug] > Exec(onFailure loadFailed, None, None)
[debug] > Exec(loadp, None, None)
[info] welcome to sbt 1.10.1 (Oracle Corporation Java 22.0.1)
[debug] Load.defaultLoad until apply took 319.5696ms
[debug]           Load.loadUnit: plugins took 210.6226ms
[debug]           Load.loadUnit: defsScala took 0.8426ms
[debug] [Loading] Scanning directory C:\Users\mjsaa\OneDrive\Escritorio\Proyectos en Scala\reconocimientoDePatrones\ProyectoPF\project
[debug] [Loading] Found non-root projects 
[debug] [Loading] Done in C:\Users\mjsaa\OneDrive\Escritorio\Proyectos en Scala\reconocimientoDePatrones\ProyectoPF\project, returning: ()
[debug] deducing auto plugins based on known facts Set(Atom(sbt.plugins.CorePlugin)) and clauses Clauses(Clause(Atom(sbt.plugins.JvmPlugin),Set(Atom(sbt.plugins.IvyPlugin)))
[debug] Clause(Atom(sbt.ScriptedPlugin),Set(Atom(sbt.plugins.JvmPlugin)))
[debug] Clause(Atom(sbt.plugins.SbtPlugin),Set(Atom(sbt.ScriptedPlugin)))
[debug] Clause(Atom(sbt.plugins.SemanticdbPlugin),Set(Atom(sbt.plugins.JvmPlugin)))
[debug] Clause(Atom(sbt.plugins.JUnitXmlReportPlugin),Set(Atom(sbt.plugins.JvmPlugin)))
[debug] Clause(Atom(sbt.plugins.MiniDependencyTreePlugin),Set(Atom(sbt.plugins.JvmPlugin)))
[debug] Clause(Atom(sbt.plugins.CorePlugin),Set(Atom(sbt.plugins.IvyPlugin)))
[debug] Clause(Atom(sbt.plugins.IvyPlugin),Set(Atom(sbt.plugins.JvmPlugin)))
[debug] Clause(Atom(sbt.plugins.JvmPlugin),Set(Atom(sbt.plugins.SemanticdbPlugin)))
[debug] Clause(Atom(sbt.plugins.JvmPlugin),Set(Atom(sbt.plugins.JUnitXmlReportPlugin)))
[debug] Clause(Atom(sbt.plugins.CorePlugin),Set(Atom(sbt.plugins.Giter8TemplatePlugin)))
[debug] Clause(Atom(sbt.plugins.JvmPlugin),Set(Atom(sbt.plugins.MiniDependencyTreePlugin))))
[debug]   :: deduced result: Matched(sbt.plugins.CorePlugin,sbt.plugins.Giter8TemplatePlugin,sbt.plugins.IvyPlugin,sbt.plugins.JvmPlugin,sbt.plugins.MiniDependencyTreePlugin,sbt.plugins.JUnitXmlReportPlugin,sbt.plugins.SemanticdbPlugin)
[debug] Plugins.deducer#function took 43.7511 ms
[debug]               Load.resolveProject(proyectopf-build) took 120.6033ms
[debug]             Load.loadTransitive: finalizeProject(Project(id proyectopf-build, base: C:\Users\mjsaa\OneDrive\Escritorio\Proyectos en Scala\reconocimientoDePatrones\ProyectoPF\project, plugins: List(<none>))) took 212.7095ms
[debug] [Loading] Done in C:\Users\mjsaa\OneDrive\Escritorio\Proyectos en Scala\reconocimientoDePatrones\ProyectoPF\project, returning: (proyectopf-build)
[debug]           Load.loadUnit: loadedProjectsRaw took 259.873ms
[debug]           Load.loadUnit: cleanEvalClasses took 0.66ms
[debug]         Load.loadUnit(file:/C:/Users/mjsaa/OneDrive/Escritorio/Proyectos%20en%20Scala/reconocimientoDePatrones/ProyectoPF/project/, ...) took 488.1874ms
[debug]       Load.apply: load took 852.5743ms
[debug]       Load.apply: resolveProjects took 21.8286ms
[debug]       Load.apply: finalTransforms took 242.7212ms
[debug]       Load.apply: config.delegates took 23.7449ms
[debug]       Load.apply: Def.make(settings)... took 1773.1809ms
[debug]       Load.apply: structureIndex took 670.3187ms
[debug]       Load.apply: mkStreams took 2.5429ms
[info] loading project definition from C:\Users\mjsaa\OneDrive\Escritorio\Proyectos en Scala\reconocimientoDePatrones\ProyectoPF\project
[debug] Running task... Cancel: Signal, check cycles: false, forcegc: true
[debug]     Load.loadUnit: plugins took 11493.3576ms
[debug]     Load.loadUnit: defsScala took 0.0076ms
[debug] [Loading] Scanning directory C:\Users\mjsaa\OneDrive\Escritorio\Proyectos en Scala\reconocimientoDePatrones\ProyectoPF
[debug]       Load.loadUnit: mkEval took 13.2563ms
[debug] [Loading] Found root project root w/ remaining 
[debug] deducing auto plugins based on known facts Set(Atom(sbt.plugins.CorePlugin)) and clauses Clauses(Clause(Atom(sbt.plugins.JvmPlugin),Set(Atom(sbt.plugins.IvyPlugin)))
[debug] Clause(Atom(sbt.ScriptedPlugin),Set(Atom(sbt.plugins.JvmPlugin)))
[debug] Clause(Atom(sbt.plugins.SbtPlugin),Set(Atom(sbt.ScriptedPlugin)))
[debug] Clause(Atom(sbt.plugins.SemanticdbPlugin),Set(Atom(sbt.plugins.JvmPlugin)))
[debug] Clause(Atom(sbt.plugins.JUnitXmlReportPlugin),Set(Atom(sbt.plugins.JvmPlugin)))
[debug] Clause(Atom(sbt.plugins.MiniDependencyTreePlugin),Set(Atom(sbt.plugins.JvmPlugin)))
[debug] Clause(Atom(sbt.plugins.CorePlugin),Set(Atom(sbt.plugins.IvyPlugin)))
[debug] Clause(Atom(sbt.plugins.IvyPlugin),Set(Atom(sbt.plugins.JvmPlugin)))
[debug] Clause(Atom(sbt.plugins.JvmPlugin),Set(Atom(sbt.plugins.SemanticdbPlugin)))
[debug] Clause(Atom(sbt.plugins.JvmPlugin),Set(Atom(sbt.plugins.JUnitXmlReportPlugin)))
[debug] Clause(Atom(sbt.plugins.CorePlugin),Set(Atom(sbt.plugins.Giter8TemplatePlugin)))
[debug] Clause(Atom(sbt.plugins.JvmPlugin),Set(Atom(sbt.plugins.MiniDependencyTreePlugin))))
[debug]   :: deduced result: Matched(sbt.plugins.CorePlugin,sbt.plugins.Giter8TemplatePlugin,sbt.plugins.IvyPlugin,sbt.plugins.JvmPlugin,sbt.plugins.MiniDependencyTreePlugin,sbt.plugins.JUnitXmlReportPlugin,sbt.plugins.SemanticdbPlugin)
[debug] Plugins.deducer#function took 3.6729 ms
[info] loading settings for project root from build.sbt ...
[debug]         Load.resolveProject(root) took 7.0282ms
[debug]       Load.loadTransitive: finalizeProject(Project(id root, base: C:\Users\mjsaa\OneDrive\Escritorio\Proyectos en Scala\reconocimientoDePatrones\ProyectoPF, plugins: List(<none>))) took 13.0941ms
[debug] [Loading] Done in C:\Users\mjsaa\OneDrive\Escritorio\Proyectos en Scala\reconocimientoDePatrones\ProyectoPF, returning: (root)
[debug]     Load.loadUnit: loadedProjectsRaw took 9682.1061ms
[debug]     Load.loadUnit: cleanEvalClasses took 32.1182ms
[debug]   Load.loadUnit(file:/C:/Users/mjsaa/OneDrive/Escritorio/Proyectos%20en%20Scala/reconocimientoDePatrones/ProyectoPF/, ...) took 21211.8893ms
[debug] Load.apply: load took 21277.2878ms
[debug] Load.apply: resolveProjects took 0.2582ms
[debug] Load.apply: finalTransforms took 40.9625ms
[debug] Load.apply: config.delegates took 0.9242ms
[debug] Load.apply: Def.make(settings)... took 136.5451ms
[debug] Load.apply: structureIndex took 49.4486ms
[debug] Load.apply: mkStreams took 0.0061ms
[info] set current project to ProyectoFinalPF (in build file:/C:/Users/mjsaa/OneDrive/Escritorio/Proyectos%20en%20Scala/reconocimientoDePatrones/ProyectoPF/)
[debug] > Exec(sbtPopOnFailure, None, None)
[debug] > Exec(resumeFromFailure, None, None)
[debug] > Exec(notifyUsersAboutShell, None, None)
[debug] > Exec(iflast shell, None, None)
[debug] > Exec(shell, None, None)
[info] sbt server started at local:sbt-server-ab3a8b4adcd181982eb2
[debug] Writing bsp connection file
[info] started sbt server
